ra:  00000000 sp:  00000000 t0:  00000000 t1:  00000000 t2:  00000000 s0:  00000000 s1:  00000000 a0:  00000000 fetchAddr:  00000000 inst:  00c000ef line:  0000


ra:  00000004 sp:  00000000 t0:  00000000 t1:  00000000 t2:  00000000 s0:  00000000 s1:  00000000 a0:  00000000 fetchAddr:  00000003 inst:  00008067 line:  0001


ra:  00000004 sp:  00000000 t0:  00000000 t1:  00000000 t2:  00000000 s0:  00000000 s1:  00000000 a0:  00000000 fetchAddr:  00000001 inst:  fff00413 line:  0002


ra:  00000004 sp:  00000000 t0:  00000000 t1:  00000000 t2:  00000000 s0:  ffffffff s1:  00000000 a0:  00000000 fetchAddr:  00000002 inst:  0080006f line:  0003


ra:  00000004 sp:  00000000 t0:  00000000 t1:  00000000 t2:  00000000 s0:  ffffffff s1:  00000000 a0:  00000000 fetchAddr:  00000004 inst:  fff00513 line:  0004


ra:  00000004 sp:  00000000 t0:  00000000 t1:  00000000 t2:  00000000 s0:  ffffffff s1:  00000000 a0:  ffffffff fetchAddr:  00000005 inst:  00000000 line:  0005


ra:  00000004 sp:  00000000 t0:  00000000 t1:  00000000 t2:  00000000 s0:  ffffffff s1:  00000000 a0:  ffffffff fetchAddr:  00000006 inst:  00000000 line:  0006


ra:  00000004 sp:  00000000 t0:  00000000 t1:  00000000 t2:  00000000 s0:  ffffffff s1:  00000000 a0:  ffffffff fetchAddr:  00000007 inst:  00000000 line:  0007


ra:  00000004 sp:  00000000 t0:  00000000 t1:  00000000 t2:  00000000 s0:  ffffffff s1:  00000000 a0:  ffffffff fetchAddr:  00000008 inst:  00000000 line:  0008


ra:  00000004 sp:  00000000 t0:  00000000 t1:  00000000 t2:  00000000 s0:  ffffffff s1:  00000000 a0:  ffffffff fetchAddr:  00000009 inst:  00000000 line:  0009


